<html>
<body>
<pre>
<h1>µVision Build Log</h1>
<h2>Tool Versions:</h2>
IDE-Version: µVision V5.26.2.0
Copyright (C) 2018 ARM Ltd and ARM Germany GmbH. All rights reserved.
License Information: Sergio Gabete, Universidad de Zaragoza, LIC=----
 
Tool Versions:
Toolchain:       MDK-Lite  Version: 5.26.2.0
Toolchain Path:  C:\Keil_v5\ARM\ARMCC\Bin
C Compiler:      Armcc.exe V5.06 update 6 (build 750)
Assembler:       Armasm.exe V5.06 update 6 (build 750)
Linker/Locator:  ArmLink.exe V5.06 update 6 (build 750)
Library Manager: ArmAr.exe V5.06 update 6 (build 750)
Hex Converter:   FromElf.exe V5.06 update 6 (build 750)
CPU DLL:         SARM.DLL V5.26.2.0
Dialog DLL:      DARMP.DLL V1.53.0.0
Target DLL:      UL2ARM.DLL V1.74.10.0
Dialog DLL:      TARMP.DLL V1.53.0.0
 
<h2>Project:</h2>
C:\Users\punbl\Desktop\Universidad\PH\RepositorioPH\ProyectosPH\keil_reversi.uvproj
Project File Date:  11/29/2021

<h2>Output:</h2>
*** Using Compiler 'V5.06 update 6 (build 750)', folder: 'C:\Keil_v5\ARM\ARMCC\Bin'
Rebuild target 'Simulator'
compiling Retarget.c...
assembling Startup.s...
compiling cola.c...
compiling Gestor_Alarmas.c...
compiling timer.c...
compiling Gestor_Pulsacion.c...
Gestor_pulsacion.h(24): warning:  #1295-D: Deprecated declaration gestor_pulsacion_boton1_pretado - give arg types
  void gestor_pulsacion_boton1_pretado();
Gestor_Pulsacion.c: 1 warning, 0 errors
compiling sudoku_2021.c...
Gestor_Pulsacion.h(24): warning:  #1295-D: Deprecated declaration gestor_pulsacion_boton1_pretado - give arg types
  void gestor_pulsacion_boton1_pretado();
sudoku_2021.c: 1 warning, 0 errors
compiling pulsacion.c...
compiling GPIO.c...
compiling pw_id_control.c...
compiling Gestor_IO.c...
compiling main.c...
Gestor_Pulsacion.h(24): warning:  #1295-D: Deprecated declaration gestor_pulsacion_boton1_pretado - give arg types
  void gestor_pulsacion_boton1_pretado();
main.c(36): warning:  #223-D: function "gestor_pulsacion_eint_init" declared implicitly
  		gestor_pulsacion_eint_init();
main.c(19): warning:  #177-D: variable "cuadricula_C_C_Aux"  was declared but never referenced
  cuadricula_C_C_Aux[NUM_FILAS][NUM_COLUMNAS] =
main.c: 3 warnings, 0 errors
compiling planificador.c...
Gestor_pulsacion.h(24): warning:  #1295-D: Deprecated declaration gestor_pulsacion_boton1_pretado - give arg types
  void gestor_pulsacion_boton1_pretado();
planificador.c(51): warning:  #550-D: variable "parar"  was set but never used
  	int parar;
planificador.c(53): warning:  #550-D: variable "tiempoProcesado"  was set but never used
  	double tiempoProcesado=0;
planificador.c: 3 warnings, 0 errors
linking...
Program Size: Code=6672 RO-data=32 RW-data=360 ZI-data=2944  
".\keil_reversi.axf" - 0 Error(s), 8 Warning(s).
Build Time Elapsed:  00:00:01
</pre>
</body>
</html>
