<html>
<body>
<pre>
<h1>µVision Build Log</h1>
<h2>Tool Versions:</h2>
IDE-Version: µVision V5.26.2.0
Copyright (C) 2018 ARM Ltd and ARM Germany GmbH. All rights reserved.
License Information: Sergio Gabete, Universidad de Zaragoza, LIC=----
 
Tool Versions:
Toolchain:       MDK-Lite  Version: 5.26.2.0
Toolchain Path:  C:\Keil_v5\ARM\ARMCC\Bin
C Compiler:      Armcc.exe V5.06 update 6 (build 750)
Assembler:       Armasm.exe V5.06 update 6 (build 750)
Linker/Locator:  ArmLink.exe V5.06 update 6 (build 750)
Library Manager: ArmAr.exe V5.06 update 6 (build 750)
Hex Converter:   FromElf.exe V5.06 update 6 (build 750)
CPU DLL:         SARM.DLL V5.26.2.0
Dialog DLL:      DARMP.DLL V1.53.0.0
Target DLL:      UL2ARM.DLL V1.74.10.0
Dialog DLL:      TARMP.DLL V1.53.0.0
 
<h2>Project:</h2>
C:\Users\punbl\Desktop\Universidad\PH\RepositorioPH\ProyectosPH\keil_reversi.uvproj
Project File Date:  11/30/2021

<h2>Output:</h2>
*** Using Compiler 'V5.06 update 6 (build 750)', folder: 'C:\Keil_v5\ARM\ARMCC\Bin'
Rebuild target 'Simulator'
assembling Startup.s...
compiling Retarget.c...
compiling cola.c...
compiling timer.c...
compiling Gestor_Alarmas.c...
compiling Gestor_Pulsacion.c...
compiling sudoku_2021.c...
compiling pulsacion.c...
compiling GPIO.c...
compiling pw_id_control.c...
compiling Gestor_IO.c...
compiling main.c...
compiling planificador.c...
planificador.c(18): warning:  #550-D: variable "tiempoProcesado"  was set but never used
  static double tiempoProcesado=0;
planificador.c: 1 warning, 0 errors
linking...
Program Size: Code=7740 RO-data=32 RW-data=952 ZI-data=2848  
".\keil_reversi.axf" - 0 Error(s), 1 Warning(s).
Build Time Elapsed:  00:00:00
</pre>
</body>
</html>
