<html>
<body>
<pre>
<h1>µVision Build Log</h1>
<h2>Tool Versions:</h2>
IDE-Version: µVision V5.26.2.0
Copyright (C) 2018 ARM Ltd and ARM Germany GmbH. All rights reserved.
License Information: Sergio Gabete, Universidad de Zaragoza, LIC=----
 
Tool Versions:
Toolchain:       MDK-Lite  Version: 5.26.2.0
Toolchain Path:  C:\Keil_v5\ARM\ARMCC\Bin
C Compiler:      Armcc.exe V5.06 update 6 (build 750)
Assembler:       Armasm.exe V5.06 update 6 (build 750)
Linker/Locator:  ArmLink.exe V5.06 update 6 (build 750)
Library Manager: ArmAr.exe V5.06 update 6 (build 750)
Hex Converter:   FromElf.exe V5.06 update 6 (build 750)
CPU DLL:         SARM.DLL V5.26.2.0
Dialog DLL:      DARMP.DLL V1.53.0.0
Target DLL:      UL2ARM.DLL V1.74.10.0
Dialog DLL:      TARMP.DLL V1.53.0.0
 
<h2>Project:</h2>
C:\Users\punbl\Desktop\Universidad\PH\RepositorioPH\ProyectosPH\Practica3\P3\keil_reversi.uvproj
Project File Date:  12/20/2021

<h2>Output:</h2>
*** Using Compiler 'V5.06 update 6 (build 750)', folder: 'C:\Keil_v5\ARM\ARMCC\Bin'
Rebuild target 'Simulator'
assembling Startup.s...
compiling timer.c...
compiling cola.c...
compiling Retarget.c...
compiling Gestor_Alarmas.c...
compiling Gestor_Pulsacion.c...
compiling pulsacion.c...
compiling GPIO.c...
compiling pw_id_control.c...
compiling Gestor_IO.c...
compiling planificador.c...
compiling main.c...
compiling RTC.c...
assembling SWI.s...
compiling WT.c...
compiling sudoku_2021.c...
sudoku_2021.c(66): warning:  #177-D: variable "mensajeFinal2"  was declared but never referenced
  static char mensajeFinal2[1000];
sudoku_2021.c(68): warning:  #177-D: variable "mensajeInicial"  was declared but never referenced
  static char mensajeInicial[1500];
sudoku_2021.c: 2 warnings, 0 errors
compiling Gestor_Serial.c...
compiling UART0.c...
linking...
Program Size: Code=11836 RO-data=116 RW-data=1320 ZI-data=4120  
".\keil_reversi.axf" - 0 Error(s), 2 Warning(s).
Build Time Elapsed:  00:00:02
</pre>
</body>
</html>
